I'm sorry, but errors were detected in your script. Please correct the
errors listed below, and try again.


File "game/part3.rpy", line 87: is not terminated with a newline. (Check strings and parenthesis.)
(Perhaps you left out a " at the end of the first line.)
            "ignore and don't go

Ren'Py Version: Ren'Py 6.15.7.374
